[core]
account = test.user@test.me
project = test-project

